// Jest Snapshot v1, https://goo.gl/fbAQLP

exports[`unit test for header header matches snapshot 1`] = `
<div>
  <div
    class="sc-bcXHqe kaXDTo"
  >
    <div
      class="sc-gswNZR bhqVXH"
    >
      <img
        alt="espresso"
        class="espresso-logo"
        src="espresso.svg"
      />
      <p
        class="sc-dkrFOg kegtyY"
      >
        Espressit!
      </p>
    </div>
    <div
      class="sc-hLBbgP daKoNG"
    >
      <p
        class="sign-up-link"
      >
        Sign Up
      </p>
      <p
        class="sign-in-link"
      >
        Sign In
      </p>
    </div>
  </div>
</div>
`;
